<html>
<body>
<pre>
<h1>µVision Build Log</h1>
<h2>Tool Versions:</h2>
IDE-Version: ¦ÌVision V5.29.0.0
Copyright (C) 2019 ARM Ltd and ARM Germany GmbH. All rights reserved.
License Information: 1 1643384012@qq.com, 1, LIC=47GU5-G1SV4-X7LRZ-J98F5-80HQF-R4NIZ
 
Tool Versions:
Toolchain:       MDK-ARM Plus  Version: 5.29.0.0
Toolchain Path:  D:\keil_v5\keil MDK\ARM\ARMCC\Bin
C Compiler:      Armcc.exe V5.06 update 6 (build 750)
Assembler:       Armasm.exe V5.06 update 6 (build 750)
Linker/Locator:  ArmLink.exe V5.06 update 6 (build 750)
Library Manager: ArmAr.exe V5.06 update 6 (build 750)
Hex Converter:   FromElf.exe V5.06 update 6 (build 750)
CPU DLL:         SARMCM3.DLL V5.29.0.0
Dialog DLL:      DCM.DLL V1.17.3.0
Target DLL:      STLink\ST-LINKIII-KEIL_SWO.dll V3.0.7.0
Dialog DLL:      TCM.DLL V1.36.5.0
 
<h2>Project:</h2>
D:\Desktop\LQB_CODE\LED\MDK-ARM\LED.uvprojx
Project File Date:  08/14/2025

<h2>Output:</h2>
*** Using Compiler 'V5.06 update 6 (build 750)', folder: 'D:\keil_v5\keil MDK\ARM\ARMCC\Bin'
Build target 'LED'
compiling sr04.c...
../Core/Inc/sr04.h(4): warning:  #1295-D: Deprecated declaration get_distance - give arg types
  void get_distance();
../Core/Inc/sr04.h(6): warning:  #1-D: last line of file ends without a newline
  #endif
../Core/Inc/pid.h(6): warning:  #1-D: last line of file ends without a newline
  #endif
..\Core\Src\sr04.c(53): warning:  #1-D: last line of file ends without a newline
  }
..\Core\Src\sr04.c: 4 warnings, 0 errors
linking...
Program Size: Code=30914 RO-data=6374 RW-data=212 ZI-data=2188  
FromELF: creating hex file...
"LED\LED.axf" - 0 Error(s), 4 Warning(s).

<h2>Software Packages used:</h2>

Package Vendor: ARM
                http://www.keil.com/pack/ARM.CMSIS.5.6.0.pack
                ARM.CMSIS.5.6.0
                CMSIS (Cortex Microcontroller Software Interface Standard)
   * Component: CORE Version: 5.3.0

Package Vendor: Keil
                http://www.keil.com/pack/Keil.STM32F1xx_DFP.2.3.0.pack
                Keil.STM32F1xx_DFP.2.3.0
                STMicroelectronics STM32F1 Series Device Support, Drivers and Examples

<h2>Collection of Component include folders:</h2>
  .\RTE\_LED
  D:\keil_v5\keil MDK\PACK\ARM\CMSIS\5.6.0\CMSIS\Core\Include
  D:\keil_v5\keil MDK\PACK\Keil\STM32F1xx_DFP\2.3.0\Device\Include

<h2>Collection of Component Files used:</h2>

   * Component: ARM::CMSIS:CORE:5.3.0
Build Time Elapsed:  00:00:02
</pre>
</body>
</html>
